// Jest Snapshot v1, https://goo.gl/fbAQLP

exports[`Button should render Correctly 1`] = `ReactWrapper {}`;

exports[`Button should render correctly  1`] = `ShallowWrapper {}`;

exports[`Button should update Correctly 1`] = `ReactWrapper {}`;
